2025-01-08 14:50:56,611 - INFO - === Iniciando nueva sesión de la aplicación ===
2025-01-08 14:50:56,611 - INFO - Iniciando aplicación
2025-01-08 14:50:56,614 - INFO - Iniciando conexión con Moodle API
2025-01-08 14:50:56,614 - INFO - Usando API URL: https://formacion.ghips.co/moodle/webservice/rest/server.php
2025-01-08 14:50:56,615 - INFO - Conexión con Moodle API establecida exitosamente
2025-01-08 14:50:56,615 - INFO - MoodleAPI inicializada con URL: https://formacion.ghips.co/moodle/webservice/rest/server.php
2025-01-08 14:50:56,618 - INFO - Buscando estudiante con ID: 1128418007
2025-01-08 14:50:56,619 - INFO - Buscando usuario por id: 1128418007
2025-01-08 14:50:56,808 - INFO - Respuesta exitosa del servidor Moodle
2025-01-08 14:50:56,810 - ERROR - Error inesperado al buscar estudiante: 'list' object has no attribute 'get'
Traceback (most recent call last):
  File "/Users/alejo/Documents/moodle/app.py", line 82, in main
    if not result.get('error'):
AttributeError: 'list' object has no attribute 'get'
2025-01-08 14:53:55,591 - INFO - === Iniciando nueva sesión de la aplicación ===
2025-01-08 14:53:55,591 - INFO - Iniciando aplicación
2025-01-08 14:53:55,594 - INFO - Buscando estudiante con ID: 1128418007
2025-01-08 14:53:55,594 - INFO - Buscando usuario por id: 1128418007
2025-01-08 14:53:55,692 - INFO - Respuesta exitosa del servidor Moodle
2025-01-08 14:53:55,695 - ERROR - Error inesperado al buscar estudiante: list indices must be integers or slices, not str
Traceback (most recent call last):
  File "/Users/alejo/Documents/moodle/app.py", line 83, in main
    if not result["error"]:
TypeError: list indices must be integers or slices, not str
2025-01-08 14:56:22,711 - INFO - === Iniciando nueva sesión de la aplicación ===
2025-01-08 14:56:22,711 - INFO - Iniciando aplicación
2025-01-08 14:56:22,714 - INFO - Buscando estudiante con ID: 1128418007
2025-01-08 14:56:22,714 - INFO - Buscando usuario por id: 1128418007
2025-01-08 14:56:23,200 - INFO - Respuesta exitosa del servidor Moodle
2025-01-08 14:56:23,202 - ERROR - Error inesperado al buscar estudiante: list indices must be integers or slices, not str
Traceback (most recent call last):
  File "/Users/alejo/Documents/moodle/app.py", line 83, in main
    if not result["error"]:
TypeError: list indices must be integers or slices, not str
2025-01-08 14:57:14,549 - INFO - === Iniciando nueva sesión de la aplicación ===
2025-01-08 14:57:14,549 - INFO - Iniciando aplicación
2025-01-08 14:57:15,869 - INFO - === Iniciando nueva sesión de la aplicación ===
2025-01-08 14:57:15,869 - INFO - Iniciando aplicación
2025-01-08 14:57:15,871 - INFO - Buscando estudiante con ID: 1128418007
2025-01-08 14:57:15,872 - INFO - Buscando usuario por id: 1128418007
2025-01-08 14:57:15,973 - INFO - Respuesta exitosa del servidor Moodle
2025-01-08 14:57:15,975 - ERROR - Error inesperado al buscar estudiante: list indices must be integers or slices, not str
Traceback (most recent call last):
  File "/Users/alejo/Documents/moodle/app.py", line 83, in main
    if not result["error"]:
TypeError: list indices must be integers or slices, not str
2025-01-08 14:57:24,556 - INFO - === Iniciando nueva sesión de la aplicación ===
2025-01-08 14:57:24,556 - INFO - Iniciando aplicación
2025-01-08 14:57:25,797 - INFO - === Iniciando nueva sesión de la aplicación ===
2025-01-08 14:57:25,798 - INFO - Iniciando aplicación
2025-01-08 14:57:25,803 - INFO - Buscando estudiante con ID: 1128418007
2025-01-08 14:57:25,803 - INFO - Buscando usuario por id: 1128418007
2025-01-08 14:57:25,922 - INFO - Respuesta exitosa del servidor Moodle
2025-01-08 14:57:25,924 - ERROR - Error inesperado al buscar estudiante: list indices must be integers or slices, not str
Traceback (most recent call last):
  File "/Users/alejo/Documents/moodle/app.py", line 83, in main
    if not result["error"]:
TypeError: list indices must be integers or slices, not str
2025-01-08 14:59:42,018 - INFO - === Iniciando nueva sesión de la aplicación ===
2025-01-08 14:59:42,018 - INFO - Iniciando aplicación
2025-01-08 14:59:43,631 - INFO - === Iniciando nueva sesión de la aplicación ===
2025-01-08 14:59:43,632 - INFO - Iniciando aplicación
2025-01-08 14:59:43,635 - INFO - Buscando estudiante con ID: 1128418007
2025-01-08 14:59:43,635 - INFO - Buscando usuario por id: 1128418007
2025-01-08 14:59:43,751 - INFO - Respuesta exitosa del servidor Moodle
2025-01-08 14:59:43,755 - ERROR - Error inesperado al buscar estudiante: list indices must be integers or slices, not str
Traceback (most recent call last):
  File "/Users/alejo/Documents/moodle/app.py", line 82, in main
    if not result["error"]:
TypeError: list indices must be integers or slices, not str
2025-01-08 15:00:17,517 - INFO - === Iniciando nueva sesión de la aplicación ===
2025-01-08 15:00:17,518 - INFO - Iniciando aplicación
2025-01-08 15:00:17,606 - INFO - Iniciando conexión con Moodle API
2025-01-08 15:00:17,606 - INFO - Usando API URL: https://formacion.ghips.co/moodle/webservice/rest/server.php
2025-01-08 15:00:17,606 - INFO - Conexión con Moodle API establecida exitosamente
2025-01-08 15:00:17,606 - INFO - MoodleAPI inicializada con URL: https://formacion.ghips.co/moodle/webservice/rest/server.php
2025-01-08 15:00:20,122 - INFO - === Iniciando nueva sesión de la aplicación ===
2025-01-08 15:00:20,122 - INFO - Iniciando aplicación
2025-01-08 15:00:26,710 - INFO - === Iniciando nueva sesión de la aplicación ===
2025-01-08 15:00:26,710 - INFO - Iniciando aplicación
2025-01-08 15:00:26,713 - INFO - Buscando estudiante con ID: 1128418007
2025-01-08 15:00:26,713 - INFO - Buscando usuario por id: 1128418007
2025-01-08 15:00:26,931 - INFO - Respuesta exitosa del servidor Moodle
2025-01-08 15:00:26,931 - INFO - Respuesta: []
2025-01-08 15:00:26,933 - WARNING - No se encontró estudiante con ID: 1128418007
2025-01-08 15:01:29,953 - INFO - === Iniciando nueva sesión de la aplicación ===
2025-01-08 15:01:29,954 - INFO - Iniciando aplicación
2025-01-08 15:01:29,956 - INFO - Buscando estudiante con ID: alejandro.hernandeza@udea.edu.co
2025-01-08 15:01:29,956 - INFO - Buscando usuario por id: alejandro.hernandeza@udea.edu.co
2025-01-08 15:01:30,054 - INFO - Respuesta exitosa del servidor Moodle
2025-01-08 15:01:30,054 - INFO - Respuesta: {'exception': 'invalid_parameter_exception', 'errorcode': 'invalidparameter', 'message': "Detectado valor de parámetro no válido (The field 'id' value is invalid: alejandro.hernandeza@udea.edu.co(cleaned value: 0))", 'debuginfo': "The field 'id' value is invalid: alejandro.hernandeza@udea.edu.co(cleaned value: 0)"}
2025-01-08 15:01:30,056 - ERROR - Error al buscar estudiante: Detectado valor de parámetro no válido (The field 'id' value is invalid: alejandro.hernandeza@udea.edu.co(cleaned value: 0))
